src/app/shopping/page.tsx(46,7): error TS2304: Cannot find name 'setItemName'.
src/app/swaps/page.tsx(53,20): error TS2304: Cannot find name 'useAuth'.
